Forge Auto Renaming Tool v2.0.4
lib: D:\Users\diogo\OneDrive\Documentos\GitHub\DiggyCore\build\moddev\artifacts\forge-1.20.1-47.4.0.jar
lib: D:\Users\diogo\.gradle\caches\modules-2\files-2.1\org.jetbrains\annotations\26.0.1\c7ce3cdeda3d18909368dfe5977332dfad326c6d\annotations-26.0.1.jar
lib: D:\Users\diogo\.gradle\caches\modules-2\files-2.1\org.projectlombok\lombok\1.18.24\13a394eed5c4f9efb2a6d956e2086f1d81e857d9\lombok-1.18.24.jar
lib: D:\Users\diogo\.gradle\caches\8.10\transforms\76cb6f38c61282283346dbccc8d016ff\transformed\jei-1.20.1-forge-api-15.20.0.115.jar
lib: D:\Users\diogo\.gradle\caches\8.10\transforms\be8b65a9150f4257149dd184a71cadcf\transformed\jei-1.20.1-common-api-15.20.0.115.jar
lib: D:\Users\diogo\.gradle\caches\8.10\transforms\88dbcd391e36015117aa40613f297aa3\transformed\gtceu-1.20.1-7.5.3-slim.jar
lib: D:\Users\diogo\.gradle\caches\8.10\transforms\1c629a1ca4c897139b7aaa7d5188b134\transformed\ldlib-forge-1.20.1-1.0.40.b.jar
lib: D:\Users\diogo\.gradle\caches\8.10\transforms\3d90f2b27a9963069f49230a759dc03f\transformed\Registrate-MC1.20-1.3.11.jar
lib: D:\Users\diogo\.gradle\caches\8.10\transforms\262f52f9550365fb7b1d3f2939e2fc1e\transformed\configuration-forge-1.20.1-2.2.0.jar
lib: D:\Users\diogo\.gradle\caches\8.10\transforms\4b3a6b3349b893fcfa6d737f570f0c96\transformed\ad_astra-forge-1.20.1-1.15.20.jar
lib: D:\Users\diogo\.gradle\caches\8.10\transforms\2771b85923a0eed67b0af4ac7fbfff99\transformed\resourcefulconfig-forge-1.20.1-2.1.3.jar
lib: D:\Users\diogo\.gradle\caches\8.10\transforms\c6d1e18978ba2db41cff13329121b59a\transformed\resourcefullib-forge-1.20.1-2.1.29.jar
lib: D:\Users\diogo\.gradle\caches\8.10\transforms\5cf8c3791a1054cc607ec3f99ba2b901\transformed\botarium-forge-1.20.1-2.3.3.jar
lib: D:\Users\diogo\.gradle\caches\modules-2\files-2.1\cpw.mods\securejarhandler\2.1.10\51e6a22c6c716beb11e244bf5b8be480f51dd6b5\securejarhandler-2.1.10.jar
lib: D:\Users\diogo\.gradle\caches\modules-2\files-2.1\net.minecraftforge\fmlloader\1.20.1-47.4.0\350292a3c597f65d130e48b6e419a2b21cba2ac1\fmlloader-1.20.1-47.4.0.jar
lib: D:\Users\diogo\.gradle\caches\modules-2\files-2.1\net.minecraftforge\coremods\5.2.4\e30bab269d896613e38396274711410b3a0e4b87\coremods-5.2.4.jar
lib: D:\Users\diogo\.gradle\caches\modules-2\files-2.1\cpw.mods\modlauncher\10.0.9\6d9443f56f50bb85cea383686ff9c867391458b\modlauncher-10.0.9.jar
lib: D:\Users\diogo\.gradle\caches\modules-2\files-2.1\org.openjdk.nashorn\nashorn-core\15.4\f67f5ffaa5f5130cf6fb9b133da00c7df3b532a5\nashorn-core-15.4.jar
lib: D:\Users\diogo\.gradle\caches\modules-2\files-2.1\org.ow2.asm\asm-commons\9.7.1\406c6a2225cfe1819f102a161e54cc16a5c24f75\asm-commons-9.7.1.jar
lib: D:\Users\diogo\.gradle\caches\modules-2\files-2.1\org.ow2.asm\asm-util\9.7.1\9e23359b598ec6b74b23e53110dd5c577adf2243\asm-util-9.7.1.jar
lib: D:\Users\diogo\.gradle\caches\modules-2\files-2.1\org.ow2.asm\asm-analysis\9.7.1\f97a3b319f0ed6a8cd944dc79060d3912a28985f\asm-analysis-9.7.1.jar
lib: D:\Users\diogo\.gradle\caches\modules-2\files-2.1\org.ow2.asm\asm-tree\9.7.1\3a53139787663b139de76b627fca0084ab60d32c\asm-tree-9.7.1.jar
lib: D:\Users\diogo\.gradle\caches\modules-2\files-2.1\org.ow2.asm\asm\9.7.1\f0ed132a49244b042cd0e15702ab9f2ce3cc8436\asm-9.7.1.jar
lib: D:\Users\diogo\.gradle\caches\modules-2\files-2.1\net.minecraftforge\accesstransformers\8.0.4\272d240aa73f42195b2a68e2ebd8b701ecf41f63\accesstransformers-8.0.4.jar
lib: D:\Users\diogo\.gradle\caches\modules-2\files-2.1\org.antlr\antlr4\4.9.1\e92af8ab33e428461927b484e90bb155a4f3a052\antlr4-4.9.1.jar
lib: D:\Users\diogo\.gradle\caches\modules-2\files-2.1\org.antlr\antlr4-runtime\4.9.1\428664f05d2b7f7b7610204b5aa7c1763f62011a\antlr4-runtime-4.9.1.jar
lib: D:\Users\diogo\.gradle\caches\modules-2\files-2.1\net.minecraftforge\fmlcore\1.20.1-47.4.0\235975dafa4309945b59c56b53f31dc5b65a6051\fmlcore-1.20.1-47.4.0.jar
lib: D:\Users\diogo\.gradle\caches\modules-2\files-2.1\net.minecraftforge\eventbus\6.0.5\699143dd438431d06b57416944f7cedbe52e1475\eventbus-6.0.5.jar
lib: D:\Users\diogo\.gradle\caches\modules-2\files-2.1\net.minecraftforge\forgespi\7.0.1\3b4972a0cdb135853dba219be61a79b22cff1309\forgespi-7.0.1.jar
lib: D:\Users\diogo\.gradle\caches\modules-2\files-2.1\net.minecraftforge\unsafe\0.2.0\54d7a0a5e8fdb71b973025caa46f341ae5904f39\unsafe-0.2.0.jar
lib: D:\Users\diogo\.gradle\caches\modules-2\files-2.1\net.minecraftforge\mergetool\1.1.5\e31dad26696043b540681aabc93e2001a1a2cd44\mergetool-1.1.5.jar
lib: D:\Users\diogo\.gradle\caches\modules-2\files-2.1\net.minecraftforge\mergetool\1.1.5\f3da18e12c696d35a47c82cbb2cc8b5aa15e1154\mergetool-1.1.5-api.jar
lib: D:\Users\diogo\.gradle\caches\modules-2\files-2.1\com.electronwill.night-config\toml\3.6.4\51d6cefb2b55ee55ee26b16391212fb2c7dfb4f4\toml-3.6.4.jar
lib: D:\Users\diogo\.gradle\caches\modules-2\files-2.1\com.electronwill.night-config\core\3.6.4\510f174abbf1c947494db50ef2445683bd52c230\core-3.6.4.jar
lib: D:\Users\diogo\.gradle\caches\modules-2\files-2.1\net.minecraftforge\JarJarSelector\0.3.19\376cc9c8ea60720cf027c01fc033de915699801c\JarJarSelector-0.3.19.jar
lib: D:\Users\diogo\.gradle\caches\modules-2\files-2.1\net.minecraftforge\JarJarMetadata\0.3.19\83feaa9b770e6ac0e96ee4fc23fa89325c5fe2\JarJarMetadata-0.3.19.jar
lib: D:\Users\diogo\.gradle\caches\modules-2\files-2.1\org.apache.maven\maven-artifact\3.8.5\4433f50c07debefaed0553bd0068f4f48d449313\maven-artifact-3.8.5.jar
lib: D:\Users\diogo\.gradle\caches\modules-2\files-2.1\net.jodah\typetools\0.6.3\a01aaa6ddaea9ec07ec4f209487b7a46a526283a\typetools-0.6.3.jar
lib: D:\Users\diogo\.gradle\caches\modules-2\files-2.1\net.minecrell\terminalconsoleappender\1.2.0\96d02cd3b384ff015a8fef4223bcb4ccf1717c95\terminalconsoleappender-1.2.0.jar
lib: D:\Users\diogo\.gradle\caches\modules-2\files-2.1\org.jline\jline-reader\3.12.1\4382ab1382c7b6f379377ed5f665dc2f6e1218bc\jline-reader-3.12.1.jar
lib: D:\Users\diogo\.gradle\caches\modules-2\files-2.1\org.jline\jline-terminal\3.12.1\c777448314e050d980a6b697c140f3bfe9eb7416\jline-terminal-3.12.1.jar
lib: D:\Users\diogo\.gradle\caches\modules-2\files-2.1\org.spongepowered\mixin\0.8.5\9d1c0c3a304ae6697ecd477218fa61b850bf57fc\mixin-0.8.5.jar
lib: D:\Users\diogo\.gradle\caches\modules-2\files-2.1\cpw.mods\bootstraplauncher\1.1.2\c546e00443d8432cda6baa1c860346980742628\bootstraplauncher-1.1.2.jar
lib: D:\Users\diogo\.gradle\caches\modules-2\files-2.1\net.minecraftforge\JarJarFileSystems\0.3.19\2464eb7d6b9ddb9db36a82cf8a95193e5c6fe020\JarJarFileSystems-0.3.19.jar
lib: D:\Users\diogo\.gradle\caches\modules-2\files-2.1\net.minecraftforge\fmlearlydisplay\1.20.1-47.4.0\5a0c2d1a65a422bd0e64548e58b70f4d011ef788\fmlearlydisplay-1.20.1-47.4.0.jar
lib: D:\Users\diogo\.gradle\caches\modules-2\files-2.1\net.minecraftforge\javafmllanguage\1.20.1-47.4.0\f0c0b352173d0a378cbdcec9cfc4ba65899a721\javafmllanguage-1.20.1-47.4.0.jar
lib: D:\Users\diogo\.gradle\caches\modules-2\files-2.1\net.minecraftforge\lowcodelanguage\1.20.1-47.4.0\e862740d8c84d08dbfedea412bef88fe42e727c5\lowcodelanguage-1.20.1-47.4.0.jar
lib: D:\Users\diogo\.gradle\caches\modules-2\files-2.1\net.minecraftforge\mclanguage\1.20.1-47.4.0\5719b3a297a33f877ed5dde4cb4bd75c859096af\mclanguage-1.20.1-47.4.0.jar
lib: D:\Users\diogo\.gradle\caches\modules-2\resources-2.1\38\c7d29380ddb38becad7c0819b5b325e43bca23f0\mcp_config-1.20.1.zip
lib: D:\Users\diogo\.gradle\caches\modules-2\files-2.1\org.codehaus.plexus\plexus-utils\3.3.0\cf43b5391de623b36fe066a21127baef82c64022\plexus-utils-3.3.0.jar
lib: D:\Users\diogo\.gradle\caches\modules-2\files-2.1\org.apache.commons\commons-lang3\3.12.0\c6842c86792ff03b9f1d1fe2aab8dc23aa6c6f0e\commons-lang3-3.12.0.jar
lib: D:\Users\diogo\.gradle\caches\modules-2\files-2.1\org.apache.logging.log4j\log4j-core\2.8.1\4ac28ff2f1ddf05dae3043a190451e8c46b73c31\log4j-core-2.8.1.jar
lib: D:\Users\diogo\.gradle\caches\modules-2\files-2.1\com.google.code.gson\gson\2.10\dd9b193aef96e973d5a11ab13cd17430c2e4306b\gson-2.10.jar
lib: D:\Users\diogo\.gradle\caches\modules-2\files-2.1\com.google.guava\guava\31.1-jre\60458f877d055d0c9114d9e1a2efb737b4bc282c\guava-31.1-jre.jar
lib: D:\Users\diogo\.gradle\caches\modules-2\files-2.1\com.machinezoo.noexception\noexception\1.7.1\b65330c98e38a1f915fa54a6e5eca496505e3f0a\noexception-1.7.1.jar
lib: D:\Users\diogo\.gradle\caches\modules-2\files-2.1\org.slf4j\slf4j-api\1.8.0-beta4\83b0359d847ee053d745be7ec0d8e9e8a44304b4\slf4j-api-1.8.0-beta4.jar
lib: D:\Users\diogo\.gradle\caches\modules-2\files-2.1\org.apache.logging.log4j\log4j-api\2.19.0\ea1b37f38c327596b216542bc636cfdc0b8036fa\log4j-api-2.19.0.jar
lib: D:\Users\diogo\.gradle\caches\modules-2\files-2.1\com.mojang\logging\1.1.1\832b8e6674a9b325a5175a3a6267dfaf34c85139\logging-1.1.1.jar
lib: D:\Users\diogo\.gradle\caches\modules-2\files-2.1\com.github.oshi\oshi-core\6.2.2\54f5efc19bca95d709d9a37d19ffcbba3d21c1a6\oshi-core-6.2.2.jar
lib: D:\Users\diogo\.gradle\caches\modules-2\files-2.1\com.google.guava\failureaccess\1.0.1\1dcf1de382a0bf95a3d8b0849546c88bac1292c9\failureaccess-1.0.1.jar
lib: D:\Users\diogo\.gradle\caches\modules-2\files-2.1\com.ibm.icu\icu4j\61.1\28d33b5e44e72edcc66a5da7a34a42147f38d987\icu4j-61.1.jar
lib: D:\Users\diogo\.gradle\caches\modules-2\files-2.1\com.mojang\authlib\4.0.43\2ff9d747a77570a07a60d32ac77eb6162ad2a2d9\authlib-4.0.43.jar
lib: D:\Users\diogo\.gradle\caches\modules-2\files-2.1\com.mojang\blocklist\1.0.10\5c685c5ffa94c4cd39496c7184c1d122e515ecef\blocklist-1.0.10.jar
lib: D:\Users\diogo\.gradle\caches\modules-2\files-2.1\com.mojang\brigadier\1.1.8\5244ce82c3337bba4a196a3ce858bfaecc74404a\brigadier-1.1.8.jar
lib: D:\Users\diogo\.gradle\caches\modules-2\files-2.1\com.mojang\datafixerupper\6.0.8\3ba4a30557a9b057760af4011f909ba619fc5125\datafixerupper-6.0.8.jar
lib: D:\Users\diogo\.gradle\caches\modules-2\files-2.1\com.mojang\patchy\2.2.10\da05971b07cbb379d002cf7eaec6a2048211fefc\patchy-2.2.10.jar
lib: D:\Users\diogo\.gradle\caches\modules-2\files-2.1\com.mojang\text2speech\1.17.9\3cad216e3a7f0c19b4b394388bc9ffc446f13b14\text2speech-1.17.9.jar
lib: D:\Users\diogo\.gradle\caches\modules-2\files-2.1\commons-codec\commons-codec\1.15\49d94806b6e3dc933dacbd8acb0fdbab8ebd1e5d\commons-codec-1.15.jar
lib: D:\Users\diogo\.gradle\caches\modules-2\files-2.1\commons-io\commons-io\2.11.0\a2503f302b11ebde7ebc3df41daebe0e4eea3689\commons-io-2.11.0.jar
lib: D:\Users\diogo\.gradle\caches\modules-2\files-2.1\commons-logging\commons-logging\1.2\4bfc12adfe4842bf07b657f0369c4cb522955686\commons-logging-1.2.jar
lib: D:\Users\diogo\.gradle\caches\modules-2\files-2.1\io.netty\netty-buffer\4.1.82.Final\a544270cf1ae8b8077082f5036436a9a9971ea71\netty-buffer-4.1.82.Final.jar
lib: D:\Users\diogo\.gradle\caches\modules-2\files-2.1\io.netty\netty-codec\4.1.82.Final\b77200379acb345a9ffdece1c605e591ac3e4e0a\netty-codec-4.1.82.Final.jar
lib: D:\Users\diogo\.gradle\caches\modules-2\files-2.1\io.netty\netty-common\4.1.82.Final\22d148e85c3f5ebdacc0ce1f5aabb1d420f73f3\netty-common-4.1.82.Final.jar
lib: D:\Users\diogo\.gradle\caches\modules-2\files-2.1\io.netty\netty-handler\4.1.82.Final\644041d1fa96a5d3130a29e8978630d716d76e38\netty-handler-4.1.82.Final.jar
lib: D:\Users\diogo\.gradle\caches\modules-2\files-2.1\io.netty\netty-resolver\4.1.82.Final\38f665ae8dcd29032eea31245ba7806bed2e0fa8\netty-resolver-4.1.82.Final.jar
lib: D:\Users\diogo\.gradle\caches\modules-2\files-2.1\io.netty\netty-transport-classes-epoll\4.1.82.Final\e7c7dd18deac93105797f30057c912651ea76521\netty-transport-classes-epoll-4.1.82.Final.jar
lib: D:\Users\diogo\.gradle\caches\modules-2\files-2.1\io.netty\netty-transport-native-unix-common\4.1.82.Final\3e895b35ca1b8a0eca56cacff4c2dde5d2c6abce\netty-transport-native-unix-common-4.1.82.Final.jar
lib: D:\Users\diogo\.gradle\caches\modules-2\files-2.1\io.netty\netty-transport\4.1.82.Final\e431a218d91acb6476ccad5f5aafde50aa3945ca\netty-transport-4.1.82.Final.jar
lib: D:\Users\diogo\.gradle\caches\modules-2\files-2.1\it.unimi.dsi\fastutil\8.5.9\bb7ea75ecdb216654237830b3a96d87ad91f8cc5\fastutil-8.5.9.jar
lib: D:\Users\diogo\.gradle\caches\modules-2\files-2.1\net.java.dev.jna\jna-platform\5.12.1\97406a297c852f4a41e688a176ec675f72e8329\jna-platform-5.12.1.jar
lib: D:\Users\diogo\.gradle\caches\modules-2\files-2.1\net.java.dev.jna\jna\5.12.1\b1e93a735caea94f503e95e6fe79bf9cdc1e985d\jna-5.12.1.jar
lib: D:\Users\diogo\.gradle\caches\modules-2\files-2.1\net.sf.jopt-simple\jopt-simple\5.0.4\4fdac2fbe92dfad86aa6e9301736f6b4342a3f5c\jopt-simple-5.0.4.jar
lib: D:\Users\diogo\.gradle\caches\modules-2\files-2.1\org.apache.commons\commons-compress\1.21\4ec95b60d4e86b5c95a0e919cb172a0af98011ef\commons-compress-1.21.jar
lib: D:\Users\diogo\.gradle\caches\modules-2\files-2.1\org.apache.httpcomponents\httpclient\4.5.13\e5f6cae5ca7ecaac1ec2827a9e2d65ae2869cada\httpclient-4.5.13.jar
lib: D:\Users\diogo\.gradle\caches\modules-2\files-2.1\org.apache.httpcomponents\httpcore\4.4.15\7f2e0c573eaa7a74bac2e89b359e1f73d92a0a1d\httpcore-4.4.15.jar
lib: D:\Users\diogo\.gradle\caches\modules-2\files-2.1\org.apache.logging.log4j\log4j-slf4j2-impl\2.19.0\5c04bfdd63ce9dceb2e284b81e96b6a70010ee10\log4j-slf4j2-impl-2.19.0.jar
lib: D:\Users\diogo\.gradle\caches\modules-2\files-2.1\org.joml\joml\1.10.5\22566d58af70ad3d72308bab63b8339906deb649\joml-1.10.5.jar
lib: D:\Users\diogo\.gradle\caches\modules-2\files-2.1\org.lwjgl\lwjgl-glfw\3.3.1\cbac1b8d30cb4795149c1ef540f912671a8616d0\lwjgl-glfw-3.3.1.jar
lib: D:\Users\diogo\.gradle\caches\modules-2\files-2.1\org.lwjgl\lwjgl-jemalloc\3.3.1\a817bcf213db49f710603677457567c37d53e103\lwjgl-jemalloc-3.3.1.jar
lib: D:\Users\diogo\.gradle\caches\modules-2\files-2.1\org.lwjgl\lwjgl-openal\3.3.1\2623a6b8ae1dfcd880738656a9f0243d2e6840bd\lwjgl-openal-3.3.1.jar
lib: D:\Users\diogo\.gradle\caches\modules-2\files-2.1\org.lwjgl\lwjgl-opengl\3.3.1\831a5533a21a5f4f81bbc51bb13e9899319b5411\lwjgl-opengl-3.3.1.jar
lib: D:\Users\diogo\.gradle\caches\modules-2\files-2.1\org.lwjgl\lwjgl-stb\3.3.1\b119297cf8ed01f247abe8685857f8e7fcf5980f\lwjgl-stb-3.3.1.jar
lib: D:\Users\diogo\.gradle\caches\modules-2\files-2.1\org.lwjgl\lwjgl-tinyfd\3.3.1\ff1914111ef2e3e0110ef2dabc8d8cdaad82347\lwjgl-tinyfd-3.3.1.jar
lib: D:\Users\diogo\.gradle\caches\modules-2\files-2.1\org.lwjgl\lwjgl\3.3.1\ae58664f88e18a9bb2c77b063833ca7aaec484cb\lwjgl-3.3.1.jar
lib: D:\Users\diogo\.gradle\caches\modules-2\files-2.1\ca.weblite\java-objc-bridge\1.1\1227f9e0666314f9de41477e3ec277e542ed7f7b\java-objc-bridge-1.1.jar
lib: D:\Users\diogo\.gradle\caches\modules-2\files-2.1\org.antlr\ST4\4.3\92f2c1ad8d84abcbeead6cf7f2c53a04166293c2\ST4-4.3.jar
lib: D:\Users\diogo\.gradle\caches\modules-2\files-2.1\org.antlr\antlr-runtime\3.5.2\cd9cd41361c155f3af0f653009dcecb08d8b4afd\antlr-runtime-3.5.2.jar
lib: D:\Users\diogo\.gradle\caches\modules-2\files-2.1\org.abego.treelayout\org.abego.treelayout.core\1.0.3\457216e8e6578099ae63667bb1e4439235892028\org.abego.treelayout.core-1.0.3.jar
lib: D:\Users\diogo\.gradle\caches\modules-2\files-2.1\org.glassfish\javax.json\1.0.4\3178f73569fd7a1e5ffc464e680f7a8cc784b85a\javax.json-1.0.4.jar
lib: D:\Users\diogo\.gradle\caches\modules-2\files-2.1\com.google.guava\listenablefuture\9999.0-empty-to-avoid-conflict-with-guava\b421526c5f297295adef1c886e5246c39d4ac629\listenablefuture-9999.0-empty-to-avoid-conflict-with-guava.jar
lib: D:\Users\diogo\.gradle\caches\modules-2\files-2.1\com.google.code.findbugs\jsr305\3.0.2\25ea2e8b0c338a877313bd4672d3fe056ea78f0d\jsr305-3.0.2.jar
lib: D:\Users\diogo\.gradle\caches\modules-2\files-2.1\org.checkerframework\checker-qual\3.12.0\d5692f0526415fcc6de94bb5bfbd3afd9dd3b3e5\checker-qual-3.12.0.jar
lib: D:\Users\diogo\.gradle\caches\modules-2\files-2.1\com.google.errorprone\error_prone_annotations\2.11.0\c5a0ace696d3f8b1c1d8cc036d8c03cc0cbe6b69\error_prone_annotations-2.11.0.jar
lib: D:\Users\diogo\.gradle\caches\modules-2\files-2.1\com.google.j2objc\j2objc-annotations\1.3\ba035118bc8bac37d7eff77700720999acd9986d\j2objc-annotations-1.3.jar
log: null
input: D:\Users\diogo\OneDrive\Documentos\GitHub\DiggyCore\build\devlibs\diggycore-0.1.0.jar
output: D:\Users\diogo\OneDrive\Documentos\GitHub\DiggyCore\build\libs\diggycore-0.1.0.jar
threads: 12
Names: D:\Users\diogo\OneDrive\Documentos\GitHub\DiggyCore\build\moddev\artifacts\namedToIntermediate.tsrg, D:\Users\diogo\OneDrive\Documentos\GitHub\DiggyCore\build\mixin\mixins.diggycore.refmap.json.mappings.tsrg(reversed: false)
Fix Annotations: false
Unfinal Parameters: false
Fix Records: false
Fix Identifiers: false
Fix SourceFile: false
Fix Line Numbers: false
Strip codesigning signatures: ALL
Adding Libraries to Inheritance
Reading Input: D:\Users\diogo\OneDrive\Documentos\GitHub\DiggyCore\build\devlibs\diggycore-0.1.0.jar
Adding input to inheritance map
Processing entries
Conflicting propagated mapping for com/gregtechceu/gtceu/api/data/worldgen/generator/indicators/SurfaceIndicatorGenerator$IndicatorPlacement/getSerializedName()Ljava/lang/String; from net/minecraft/util/StringRepresentable/getSerializedName()Ljava/lang/String;: getSerializedName -> m_7912_
Conflicting propagated mapping for net/phoenix/diggycore/common/block/AntiHiggsFilterType/getSerializedName()Ljava/lang/String; from net/minecraft/util/StringRepresentable/getSerializedName()Ljava/lang/String;: getSerializedName -> m_7912_
Conflicting propagated mapping for com/tterrag/registrate/util/entry/ItemProviderEntry/asItem()Lnet/minecraft/world/item/Item; from net/minecraft/world/level/ItemLike/asItem()Lnet/minecraft/world/item/Item;: asItem -> m_5456_
Conflicting propagated mapping for com/gregtechceu/gtceu/api/data/worldgen/WorldGenLayers/getSerializedName()Ljava/lang/String; from net/minecraft/util/StringRepresentable/getSerializedName()Ljava/lang/String;: getSerializedName -> m_7912_
Conflicting propagated mapping for com/gregtechceu/gtceu/common/data/GTCreativeModeTabs$RegistrateDisplayItemsGenerator/accept(Lnet/minecraft/world/item/CreativeModeTab$ItemDisplayParameters;Lnet/minecraft/world/item/CreativeModeTab$Output;)V from net/minecraft/world/item/CreativeModeTab$DisplayItemsGenerator/accept(Lnet/minecraft/world/item/CreativeModeTab$ItemDisplayParameters;Lnet/minecraft/world/item/CreativeModeTab$Output;)V: accept -> m_257865_
Conflicting propagated mapping for net/minecraftforge/client/model/generators/BlockStateProvider/run(Lnet/minecraft/data/CachedOutput;)Ljava/util/concurrent/CompletableFuture; from net/minecraft/data/DataProvider/run(Lnet/minecraft/data/CachedOutput;)Ljava/util/concurrent/CompletableFuture;: run -> m_213708_
Conflicting propagated mapping for net/minecraftforge/client/model/generators/BlockStateProvider/getName()Ljava/lang/String; from net/minecraft/data/DataProvider/getName()Ljava/lang/String;: getName -> m_6055_
Conflicting propagated mapping for com/tterrag/registrate/providers/RegistrateBlockstateProvider/getName()Ljava/lang/String; from net/minecraftforge/client/model/generators/BlockStateProvider/getName()Ljava/lang/String;: getName -> m_6055_
Conflicting propagated mapping for com/gregtechceu/gtceu/api/registry/registrate/provider/GTBlockstateProvider/run(Lnet/minecraft/data/CachedOutput;)Ljava/util/concurrent/CompletableFuture; from net/minecraftforge/client/model/generators/BlockStateProvider/run(Lnet/minecraft/data/CachedOutput;)Ljava/util/concurrent/CompletableFuture;: run -> m_213708_
Conflicting propagated mapping for com/gregtechceu/gtceu/api/machine/trait/RecipeLogic$Status/getSerializedName()Ljava/lang/String; from net/minecraft/util/StringRepresentable/getSerializedName()Ljava/lang/String;: getSerializedName -> m_7912_
Conflicting propagated mapping for net/minecraftforge/client/model/generators/ModelProvider/run(Lnet/minecraft/data/CachedOutput;)Ljava/util/concurrent/CompletableFuture; from net/minecraft/data/DataProvider/run(Lnet/minecraft/data/CachedOutput;)Ljava/util/concurrent/CompletableFuture;: run -> m_213708_
Conflicting propagated mapping for net/minecraftforge/client/model/generators/BlockModelProvider/getName()Ljava/lang/String; from net/minecraft/data/DataProvider/getName()Ljava/lang/String;: getName -> m_6055_
Conflicting propagated mapping for com/gregtechceu/gtceu/api/recipe/GTRecipe/canCraftInDimensions(II)Z from net/minecraft/world/item/crafting/Recipe/canCraftInDimensions(II)Z: canCraftInDimensions -> m_8004_
Conflicting propagated mapping for com/gregtechceu/gtceu/api/recipe/GTRecipe/getResultItem(Lnet/minecraft/core/RegistryAccess;)Lnet/minecraft/world/item/ItemStack; from net/minecraft/world/item/crafting/Recipe/getResultItem(Lnet/minecraft/core/RegistryAccess;)Lnet/minecraft/world/item/ItemStack;: getResultItem -> m_8043_
Conflicting propagated mapping for com/gregtechceu/gtceu/api/recipe/GTRecipe/matches(Lnet/minecraft/world/Container;Lnet/minecraft/world/level/Level;)Z from net/minecraft/world/item/crafting/Recipe/matches(Lnet/minecraft/world/Container;Lnet/minecraft/world/level/Level;)Z: matches -> m_5818_
Conflicting propagated mapping for com/gregtechceu/gtceu/api/recipe/GTRecipe/getId()Lnet/minecraft/resources/ResourceLocation; from net/minecraft/world/item/crafting/Recipe/getId()Lnet/minecraft/resources/ResourceLocation;: getId -> m_6423_
Conflicting propagated mapping for com/gregtechceu/gtceu/api/recipe/GTRecipe/assemble(Lnet/minecraft/world/Container;Lnet/minecraft/core/RegistryAccess;)Lnet/minecraft/world/item/ItemStack; from net/minecraft/world/item/crafting/Recipe/assemble(Lnet/minecraft/world/Container;Lnet/minecraft/core/RegistryAccess;)Lnet/minecraft/world/item/ItemStack;: assemble -> m_5874_
Conflicting propagated mapping for com/gregtechceu/gtceu/api/recipe/GTRecipe/getType()Lnet/minecraft/world/item/crafting/RecipeType; from net/minecraft/world/item/crafting/Recipe/getType()Lnet/minecraft/world/item/crafting/RecipeType;: getType -> m_6671_
Conflicting propagated mapping for com/gregtechceu/gtceu/api/recipe/GTRecipe/getSerializer()Lnet/minecraft/world/item/crafting/RecipeSerializer; from net/minecraft/world/item/crafting/Recipe/getSerializer()Lnet/minecraft/world/item/crafting/RecipeSerializer;: getSerializer -> m_7707_
Conflicting propagated mapping for com/gregtechceu/gtceu/api/block/IMachineBlock/getTicker(Lnet/minecraft/world/level/Level;Lnet/minecraft/world/level/block/state/BlockState;Lnet/minecraft/world/level/block/entity/BlockEntityType;)Lnet/minecraft/world/level/block/entity/BlockEntityTicker; from net/minecraft/world/level/block/EntityBlock/getTicker(Lnet/minecraft/world/level/Level;Lnet/minecraft/world/level/block/state/BlockState;Lnet/minecraft/world/level/block/entity/BlockEntityType;)Lnet/minecraft/world/level/block/entity/BlockEntityTicker;: getTicker -> m_142354_
Conflicting propagated mapping for net/minecraft/world/entity/LivingEntity/lambda$addAdditionalSaveData$3(Lnet/minecraft/nbt/CompoundTag;Lnet/minecraft/nbt/Tag;)V from net/minecraft/world/entity/player/Player/lambda$addAdditionalSaveData$3(Lnet/minecraft/nbt/CompoundTag;Lnet/minecraft/nbt/Tag;)V: lambda$addAdditionalSaveData$3 -> m_219754_
Conflicting propagated mapping for com/gregtechceu/gtceu/api/block/IMachineBlock/newBlockEntity(Lnet/minecraft/core/BlockPos;Lnet/minecraft/world/level/block/state/BlockState;)Lnet/minecraft/world/level/block/entity/BlockEntity; from net/minecraft/world/level/block/EntityBlock/newBlockEntity(Lnet/minecraft/core/BlockPos;Lnet/minecraft/world/level/block/state/BlockState;)Lnet/minecraft/world/level/block/entity/BlockEntity;: newBlockEntity -> m_142194_
Adding extras
Sorting
Writing Output: D:\Users\diogo\OneDrive\Documentos\GitHub\DiggyCore\build\libs\diggycore-0.1.0.jar
  META-INF/
  META-INF/MANIFEST.MF
  .cache/
  .cache/0dc2b1f7efca182a8571d5a63532c0420ee0a65d
  META-INF/accesstransformer.cfg
  META-INF/mods.toml
  assets/
  assets/diggycore/
  assets/diggycore/blockstates/
  assets/diggycore/blockstates/anti_higgs_filter_casing.json
  assets/diggycore/blockstates/ev_agronomy_input_hatch.json
  assets/diggycore/blockstates/ev_apiary.json
  assets/diggycore/blockstates/galacticraft_compressor.json
  assets/diggycore/blockstates/galaxyspace_grade_casing.json
  assets/diggycore/blockstates/greenhouse.json
  assets/diggycore/blockstates/greenhouse_casing.json
  assets/diggycore/blockstates/greenhouse_dirt.json
  assets/diggycore/blockstates/hp_steam_lunar_boiler.json
  assets/diggycore/blockstates/hv_agronomy_input_hatch.json
  assets/diggycore/blockstates/hv_apiary.json
  assets/diggycore/blockstates/iv_agronomy_input_hatch.json
  assets/diggycore/blockstates/iv_apiary.json
  assets/diggycore/blockstates/lp_steam_lunar_boiler.json
  assets/diggycore/blockstates/luv_agronomy_input_hatch.json
  assets/diggycore/blockstates/luv_apiary.json
  assets/diggycore/blockstates/lv_agronomy_input_hatch.json
  assets/diggycore/blockstates/lv_apiary.json
  assets/diggycore/blockstates/mv_agronomy_input_hatch.json
  assets/diggycore/blockstates/mv_apiary.json
  assets/diggycore/blockstates/opv_agronomy_input_hatch.json
  assets/diggycore/blockstates/opv_apiary.json
  assets/diggycore/blockstates/uev_agronomy_input_hatch.json
  assets/diggycore/blockstates/uev_apiary.json
  assets/diggycore/blockstates/uhv_agronomy_input_hatch.json
  assets/diggycore/blockstates/uhv_apiary.json
  assets/diggycore/blockstates/uiv_agronomy_input_hatch.json
  assets/diggycore/blockstates/uiv_apiary.json
  assets/diggycore/blockstates/uv_agronomy_input_hatch.json
  assets/diggycore/blockstates/uv_apiary.json
  assets/diggycore/blockstates/uxv_agronomy_input_hatch.json
  assets/diggycore/blockstates/uxv_apiary.json
  assets/diggycore/blockstates/zpm_agronomy_input_hatch.json
  assets/diggycore/blockstates/zpm_apiary.json
  assets/diggycore/lang/
  assets/diggycore/lang/en_ud.json
  assets/diggycore/lang/en_us.json
  assets/diggycore/models/
  assets/diggycore/models/block/
  assets/diggycore/models/block/anti_higgs_filter_casing.json
  assets/diggycore/models/block/galaxyspace_grade_casing.json
  assets/diggycore/models/block/greenhouse_casing.json
  assets/diggycore/models/block/greenhouse_dirt.json
  assets/diggycore/models/block/machine/
  assets/diggycore/models/block/machine/ev_agronomy_input_hatch.json
  assets/diggycore/models/block/machine/ev_apiary.json
  assets/diggycore/models/block/machine/galacticraft_compressor.json
  assets/diggycore/models/block/machine/greenhouse.json
  assets/diggycore/models/block/machine/hp_steam_lunar_boiler.json
  assets/diggycore/models/block/machine/hv_agronomy_input_hatch.json
  assets/diggycore/models/block/machine/hv_apiary.json
  assets/diggycore/models/block/machine/iv_agronomy_input_hatch.json
  assets/diggycore/models/block/machine/iv_apiary.json
  assets/diggycore/models/block/machine/lp_steam_lunar_boiler.json
  assets/diggycore/models/block/machine/luv_agronomy_input_hatch.json
  assets/diggycore/models/block/machine/luv_apiary.json
  assets/diggycore/models/block/machine/lv_agronomy_input_hatch.json
  assets/diggycore/models/block/machine/lv_apiary.json
  assets/diggycore/models/block/machine/mv_agronomy_input_hatch.json
  assets/diggycore/models/block/machine/mv_apiary.json
  assets/diggycore/models/block/machine/opv_agronomy_input_hatch.json
  assets/diggycore/models/block/machine/opv_apiary.json
  assets/diggycore/models/block/machine/part/
  assets/diggycore/models/block/machine/part/agronomy_input_hatch.json
  assets/diggycore/models/block/machine/uev_agronomy_input_hatch.json
  assets/diggycore/models/block/machine/uev_apiary.json
  assets/diggycore/models/block/machine/uhv_agronomy_input_hatch.json
  assets/diggycore/models/block/machine/uhv_apiary.json
  assets/diggycore/models/block/machine/uiv_agronomy_input_hatch.json
  assets/diggycore/models/block/machine/uiv_apiary.json
  assets/diggycore/models/block/machine/uv_agronomy_input_hatch.json
  assets/diggycore/models/block/machine/uv_apiary.json
  assets/diggycore/models/block/machine/uxv_agronomy_input_hatch.json
  assets/diggycore/models/block/machine/uxv_apiary.json
  assets/diggycore/models/block/machine/zpm_agronomy_input_hatch.json
  assets/diggycore/models/block/machine/zpm_apiary.json
  assets/diggycore/models/item/
  assets/diggycore/models/item/anti_higgs_filter_casing.json
  assets/diggycore/models/item/ev_agronomy_input_hatch.json
  assets/diggycore/models/item/ev_apiary.json
  assets/diggycore/models/item/galacticraft_compressor.json
  assets/diggycore/models/item/galaxyspace_grade_casing.json
  assets/diggycore/models/item/greenhouse.json
  assets/diggycore/models/item/greenhouse_casing.json
  assets/diggycore/models/item/greenhouse_dirt.json
  assets/diggycore/models/item/hp_steam_lunar_boiler.json
  assets/diggycore/models/item/hv_agronomy_input_hatch.json
  assets/diggycore/models/item/hv_apiary.json
  assets/diggycore/models/item/iv_agronomy_input_hatch.json
  assets/diggycore/models/item/iv_apiary.json
  assets/diggycore/models/item/lp_steam_lunar_boiler.json
  assets/diggycore/models/item/luv_agronomy_input_hatch.json
  assets/diggycore/models/item/luv_apiary.json
  assets/diggycore/models/item/lv_agronomy_input_hatch.json
  assets/diggycore/models/item/lv_apiary.json
  assets/diggycore/models/item/mv_agronomy_input_hatch.json
  assets/diggycore/models/item/mv_apiary.json
  assets/diggycore/models/item/opv_agronomy_input_hatch.json
  assets/diggycore/models/item/opv_apiary.json
  assets/diggycore/models/item/uev_agronomy_input_hatch.json
  assets/diggycore/models/item/uev_apiary.json
  assets/diggycore/models/item/uhv_agronomy_input_hatch.json
  assets/diggycore/models/item/uhv_apiary.json
  assets/diggycore/models/item/uiv_agronomy_input_hatch.json
  assets/diggycore/models/item/uiv_apiary.json
  assets/diggycore/models/item/uv_agronomy_input_hatch.json
  assets/diggycore/models/item/uv_apiary.json
  assets/diggycore/models/item/uxv_agronomy_input_hatch.json
  assets/diggycore/models/item/uxv_apiary.json
  assets/diggycore/models/item/zpm_agronomy_input_hatch.json
  assets/diggycore/models/item/zpm_apiary.json
  assets/diggycore/textures/
  assets/diggycore/textures/block/
  assets/diggycore/textures/block/casings/
  assets/diggycore/textures/block/casings/cleanroom/
  assets/diggycore/textures/block/casings/cleanroom/anti_higgs_filter_casing.png
  assets/diggycore/textures/block/casings/cleanroom/anti_higgs_filter_casing.png.mcmeta
  assets/diggycore/textures/block/casings/cleanroom/anti_higgs_filter_casing_ctm.png
  assets/diggycore/textures/block/casings/galaxyspace_grade_casing.png
  assets/diggycore/textures/block/casings/galaxyspace_grade_casing.png.mcmeta
  assets/diggycore/textures/block/casings/galaxyspace_grade_casing_ctm.png
  assets/diggycore/textures/block/casings/galaxyspace_grade_casing_ctmALTER.png
  assets/diggycore/textures/block/casings/greenhouse_casing.png
  assets/diggycore/textures/block/casings/greenhouse_casing.png.mcmeta
  assets/diggycore/textures/block/casings/greenhouse_casing_ctm.png
  assets/diggycore/textures/block/casings/steam/
  assets/diggycore/textures/block/casings/steam/starry/
  assets/diggycore/textures/block/casings/steam/starry/bottom.png
  assets/diggycore/textures/block/casings/steam/starry/side.png
  assets/diggycore/textures/block/casings/steam/starry/top.png
  assets/diggycore/textures/block/generators/
  assets/diggycore/textures/block/generators/boiler/
  assets/diggycore/textures/block/generators/boiler/lunar/
  assets/diggycore/textures/block/generators/boiler/lunar/overlay_top.png
  assets/diggycore/textures/block/generators/boiler/lunar/overlay_top_active.png
  assets/diggycore/textures/block/greenhouse_dirt.png
  assets/diggycore/textures/block/greenhouse_dirt_poles.png
  assets/diggycore/textures/block/greenhouse_dirt_side.png
  assets/diggycore/textures/block/overlay/
  assets/diggycore/textures/block/overlay/machine/
  assets/diggycore/textures/block/overlay/machine/overlay_agronomy_hatch_input.png
  assets/diggycore/textures/block/overlay/machine/overlay_agronomy_in_emissive.png
  assets/diggycore/textures/block/overlay/machine/overlay_agronomy_in_emissive.png.mcmeta
  assets/diggycore/textures/block/overlay/machine/overlay_pipe_agronomy.png
  assets/diggycore/textures/item/
  assets/diggycore/textures/item/material_sets/
  assets/diggycore/textures/item/material_sets/bright/
  assets/diggycore/textures/item/material_sets/bright/ingot.png
  assets/diggycore/textures/item/material_sets/bright/ingot_overlay.png
  assets/diggycore/textures/item/material_sets/chocolate/
  assets/diggycore/textures/item/material_sets/chocolate/bolt.png
  assets/diggycore/textures/item/material_sets/chocolate/dust.png
  assets/diggycore/textures/item/material_sets/chocolate/dust_small.png
  assets/diggycore/textures/item/material_sets/chocolate/dust_tiny.png
  assets/diggycore/textures/item/material_sets/chocolate/foil.png
  assets/diggycore/textures/item/material_sets/chocolate/gear.png
  assets/diggycore/textures/item/material_sets/chocolate/gear_small.png
  assets/diggycore/textures/item/material_sets/chocolate/ingot.png
  assets/diggycore/textures/item/material_sets/chocolate/nugget.png
  assets/diggycore/textures/item/material_sets/chocolate/plate.png
  assets/diggycore/textures/item/material_sets/chocolate/plate_double.png
  assets/diggycore/textures/item/material_sets/chocolate/ring.png
  assets/diggycore/textures/item/material_sets/chocolate/rod.png
  assets/diggycore/textures/item/material_sets/chocolate/rod_long.png
  assets/diggycore/textures/item/material_sets/chocolate/round.png
  assets/diggycore/textures/item/material_sets/chocolate/screw.png
  assets/diggycore/textures/item/material_sets/chocolate/spring.png
  assets/diggycore/textures/item/material_sets/cinder_flour/
  assets/diggycore/textures/item/material_sets/cinder_flour/dust.png
  assets/diggycore/textures/item/material_sets/cinder_flour/dust_small.png
  assets/diggycore/textures/item/material_sets/cinder_flour/dust_tiny.png
  assets/diggycore/textures/item/material_sets/enderium/
  assets/diggycore/textures/item/material_sets/enderium/bolt.png
  assets/diggycore/textures/item/material_sets/enderium/dust.png
  assets/diggycore/textures/item/material_sets/enderium/dust_small.png
  assets/diggycore/textures/item/material_sets/enderium/dust_tiny.png
  assets/diggycore/textures/item/material_sets/enderium/foil.png
  assets/diggycore/textures/item/material_sets/enderium/gear.png
  assets/diggycore/textures/item/material_sets/enderium/gear_small.png
  assets/diggycore/textures/item/material_sets/enderium/ingot.png
  assets/diggycore/textures/item/material_sets/enderium/nugget.png
  assets/diggycore/textures/item/material_sets/enderium/plate.png
  assets/diggycore/textures/item/material_sets/enderium/plate_double.png
  assets/diggycore/textures/item/material_sets/enderium/ring.png
  assets/diggycore/textures/item/material_sets/enderium/rod.png
  assets/diggycore/textures/item/material_sets/enderium/rod_long.png
  assets/diggycore/textures/item/material_sets/enderium/round.png
  assets/diggycore/textures/item/material_sets/enderium/screw.png
  assets/diggycore/textures/item/material_sets/enderium/spring.png
  assets/diggycore/textures/item/material_sets/heavy_duty/
  assets/diggycore/textures/item/material_sets/heavy_duty/ingot.png
  assets/diggycore/textures/item/material_sets/heavy_duty/ingot_hot_overlay.png
  assets/diggycore/textures/item/material_sets/heavy_duty/ingot_secondary.png
  assets/diggycore/textures/item/material_sets/heavy_duty/plate.png
  assets/diggycore/textures/item/material_sets/heavy_duty/plate_double.png
  assets/diggycore/textures/item/material_sets/heavy_duty/plate_double_secondary.png
  assets/diggycore/textures/item/material_sets/heavy_duty/plate_secondary.png
  assets/diggycore/textures/item/material_sets/lumium/
  assets/diggycore/textures/item/material_sets/lumium/bolt.png
  assets/diggycore/textures/item/material_sets/lumium/dust.png
  assets/diggycore/textures/item/material_sets/lumium/dust_small.png
  assets/diggycore/textures/item/material_sets/lumium/dust_tiny.png
  assets/diggycore/textures/item/material_sets/lumium/foil.png
  assets/diggycore/textures/item/material_sets/lumium/gear.png
  assets/diggycore/textures/item/material_sets/lumium/gear_small.png
  assets/diggycore/textures/item/material_sets/lumium/ingot.png
  assets/diggycore/textures/item/material_sets/lumium/nugget.png
  assets/diggycore/textures/item/material_sets/lumium/plate.png
  assets/diggycore/textures/item/material_sets/lumium/plate_double.png
  assets/diggycore/textures/item/material_sets/lumium/ring.png
  assets/diggycore/textures/item/material_sets/lumium/rod.png
  assets/diggycore/textures/item/material_sets/lumium/rod_long.png
  assets/diggycore/textures/item/material_sets/lumium/round.png
  assets/diggycore/textures/item/material_sets/lumium/screw.png
  assets/diggycore/textures/item/material_sets/lumium/spring.png
  assets/diggycore/textures/item/material_sets/marine/
  assets/diggycore/textures/item/material_sets/marine/bolt.png
  assets/diggycore/textures/item/material_sets/marine/dust.png
  assets/diggycore/textures/item/material_sets/marine/dust_small.png
  assets/diggycore/textures/item/material_sets/marine/dust_tiny.png
  assets/diggycore/textures/item/material_sets/marine/foil.png
  assets/diggycore/textures/item/material_sets/marine/gear.png
  assets/diggycore/textures/item/material_sets/marine/gear_small.png
  assets/diggycore/textures/item/material_sets/marine/ingot.png
  assets/diggycore/textures/item/material_sets/marine/ingot2.png
  assets/diggycore/textures/item/material_sets/marine/nugget.png
  assets/diggycore/textures/item/material_sets/marine/plate.png
  assets/diggycore/textures/item/material_sets/marine/plate_double.png
  assets/diggycore/textures/item/material_sets/marine/ring.png
  assets/diggycore/textures/item/material_sets/marine/rod.png
  assets/diggycore/textures/item/material_sets/marine/rod_long.png
  assets/diggycore/textures/item/material_sets/marine/round.png
  assets/diggycore/textures/item/material_sets/marine/screw.png
  assets/diggycore/textures/item/material_sets/marine/spring.png
  assets/diggycore/textures/item/material_sets/metallic/
  assets/diggycore/textures/item/material_sets/metallic/bee.png
  assets/diggycore/textures/item/material_sets/metallic/comb.png
  assets/diggycore/textures/item/material_sets/metallic/fuel_rod.png
  assets/diggycore/textures/item/material_sets/metallic/ingot_double.png
  assets/diggycore/textures/item/material_sets/metallic/vial.png
  assets/diggycore/textures/item/material_sets/metallic/vial_overlay.png
  assets/diggycore/textures/item/material_sets/metallic/vial_secondary.png
  assets/diggycore/textures/item/material_sets/noisy/
  assets/diggycore/textures/item/material_sets/noisy/bolt.png
  assets/diggycore/textures/item/material_sets/noisy/dust.png
  assets/diggycore/textures/item/material_sets/noisy/dust_small.png
  assets/diggycore/textures/item/material_sets/noisy/dust_tiny.png
  assets/diggycore/textures/item/material_sets/noisy/foil.png
  assets/diggycore/textures/item/material_sets/noisy/gear.png
  assets/diggycore/textures/item/material_sets/noisy/gear_small.png
  assets/diggycore/textures/item/material_sets/noisy/ingot.png
  assets/diggycore/textures/item/material_sets/noisy/nugget.png
  assets/diggycore/textures/item/material_sets/noisy/plate.png
  assets/diggycore/textures/item/material_sets/noisy/plate_double.png
  assets/diggycore/textures/item/material_sets/noisy/ring.png
  assets/diggycore/textures/item/material_sets/noisy/rod.png
  assets/diggycore/textures/item/material_sets/noisy/rod_long.png
  assets/diggycore/textures/item/material_sets/noisy/round.png
  assets/diggycore/textures/item/material_sets/noisy/screw.png
  assets/diggycore/textures/item/material_sets/noisy/spring.png
  assets/diggycore/textures/item/material_sets/signalum/
  assets/diggycore/textures/item/material_sets/signalum/bolt.png
  assets/diggycore/textures/item/material_sets/signalum/dust.png
  assets/diggycore/textures/item/material_sets/signalum/dust_small.png
  assets/diggycore/textures/item/material_sets/signalum/dust_tiny.png
  assets/diggycore/textures/item/material_sets/signalum/foil.png
  assets/diggycore/textures/item/material_sets/signalum/gear.png
  assets/diggycore/textures/item/material_sets/signalum/gear_small.png
  assets/diggycore/textures/item/material_sets/signalum/ingot.png
  assets/diggycore/textures/item/material_sets/signalum/nugget.png
  assets/diggycore/textures/item/material_sets/signalum/plate.png
  assets/diggycore/textures/item/material_sets/signalum/plate_double.png
  assets/diggycore/textures/item/material_sets/signalum/ring.png
  assets/diggycore/textures/item/material_sets/signalum/rod.png
  assets/diggycore/textures/item/material_sets/signalum/rod_long.png
  assets/diggycore/textures/item/material_sets/signalum/round.png
  assets/diggycore/textures/item/material_sets/signalum/screw.png
  assets/diggycore/textures/item/material_sets/signalum/spring.png
  assets/gtceu/
  assets/gtceu/lang/
  assets/gtceu/lang/en_us.json
  assets/gtceu/models/
  assets/gtceu/models/item/
  assets/gtceu/models/item/material_sets/
  assets/gtceu/models/item/material_sets/chocolate/
  assets/gtceu/models/item/material_sets/chocolate/bolt.json
  assets/gtceu/models/item/material_sets/chocolate/dust.json
  assets/gtceu/models/item/material_sets/chocolate/dust_small.json
  assets/gtceu/models/item/material_sets/chocolate/dust_tiny.json
  assets/gtceu/models/item/material_sets/chocolate/foil.json
  assets/gtceu/models/item/material_sets/chocolate/gear.json
  assets/gtceu/models/item/material_sets/chocolate/gear_small.json
  assets/gtceu/models/item/material_sets/chocolate/ingot.json
  assets/gtceu/models/item/material_sets/chocolate/ingot_double.json
  assets/gtceu/models/item/material_sets/chocolate/ingot_hot.json
  assets/gtceu/models/item/material_sets/chocolate/nugget.json
  assets/gtceu/models/item/material_sets/chocolate/plate.json
  assets/gtceu/models/item/material_sets/chocolate/plate_dense.json
  assets/gtceu/models/item/material_sets/chocolate/plate_double.json
  assets/gtceu/models/item/material_sets/chocolate/ring.json
  assets/gtceu/models/item/material_sets/chocolate/rod.json
  assets/gtceu/models/item/material_sets/chocolate/rod_long.json
  assets/gtceu/models/item/material_sets/chocolate/rotor.json
  assets/gtceu/models/item/material_sets/chocolate/round.json
  assets/gtceu/models/item/material_sets/chocolate/screw.json
  assets/gtceu/models/item/material_sets/chocolate/spring.json
  assets/gtceu/models/item/material_sets/chocolate/spring_small.json
  assets/gtceu/models/item/material_sets/chocolate/wire_fine.json
  assets/gtceu/models/item/material_sets/cinder_flour/
  assets/gtceu/models/item/material_sets/cinder_flour/dust.json
  assets/gtceu/models/item/material_sets/cinder_flour/dust_small.json
  assets/gtceu/models/item/material_sets/cinder_flour/dust_tiny.json
  assets/gtceu/models/item/material_sets/dull/
  assets/gtceu/models/item/material_sets/dull/bee.json
  assets/gtceu/models/item/material_sets/dull/comb.json
  assets/gtceu/models/item/material_sets/dull/vial.json
  assets/gtceu/models/item/material_sets/enderium/
  assets/gtceu/models/item/material_sets/enderium/bolt.json
  assets/gtceu/models/item/material_sets/enderium/dust.json
  assets/gtceu/models/item/material_sets/enderium/dust_small.json
  assets/gtceu/models/item/material_sets/enderium/dust_tiny.json
  assets/gtceu/models/item/material_sets/enderium/foil.json
  assets/gtceu/models/item/material_sets/enderium/gear.json
  assets/gtceu/models/item/material_sets/enderium/gear_small.json
  assets/gtceu/models/item/material_sets/enderium/ingot.json
  assets/gtceu/models/item/material_sets/enderium/ingot_double.json
  assets/gtceu/models/item/material_sets/enderium/ingot_hot.json
  assets/gtceu/models/item/material_sets/enderium/nugget.json
  assets/gtceu/models/item/material_sets/enderium/plate.json
  assets/gtceu/models/item/material_sets/enderium/plate_dense.json
  assets/gtceu/models/item/material_sets/enderium/plate_double.json
  assets/gtceu/models/item/material_sets/enderium/ring.json
  assets/gtceu/models/item/material_sets/enderium/rod.json
  assets/gtceu/models/item/material_sets/enderium/rod_long.json
  assets/gtceu/models/item/material_sets/enderium/rotor.json
  assets/gtceu/models/item/material_sets/enderium/round.json
  assets/gtceu/models/item/material_sets/enderium/screw.json
  assets/gtceu/models/item/material_sets/enderium/spring.json
  assets/gtceu/models/item/material_sets/enderium/spring_small.json
  assets/gtceu/models/item/material_sets/enderium/wire_fine.json
  assets/gtceu/models/item/material_sets/heavy_duty/
  assets/gtceu/models/item/material_sets/heavy_duty/ingot.json
  assets/gtceu/models/item/material_sets/heavy_duty/ingot_hot.json
  assets/gtceu/models/item/material_sets/heavy_duty/plate.json
  assets/gtceu/models/item/material_sets/heavy_duty/plate_double.json
  assets/gtceu/models/item/material_sets/lumium/
  assets/gtceu/models/item/material_sets/lumium/bolt.json
  assets/gtceu/models/item/material_sets/lumium/dust.json
  assets/gtceu/models/item/material_sets/lumium/dust_small.json
  assets/gtceu/models/item/material_sets/lumium/dust_tiny.json
  assets/gtceu/models/item/material_sets/lumium/foil.json
  assets/gtceu/models/item/material_sets/lumium/gear.json
  assets/gtceu/models/item/material_sets/lumium/gear_small.json
  assets/gtceu/models/item/material_sets/lumium/ingot.json
  assets/gtceu/models/item/material_sets/lumium/ingot_double.json
  assets/gtceu/models/item/material_sets/lumium/ingot_hot.json
  assets/gtceu/models/item/material_sets/lumium/nugget.json
  assets/gtceu/models/item/material_sets/lumium/plate.json
  assets/gtceu/models/item/material_sets/lumium/plate_dense.json
  assets/gtceu/models/item/material_sets/lumium/plate_double.json
  assets/gtceu/models/item/material_sets/lumium/ring.json
  assets/gtceu/models/item/material_sets/lumium/rod.json
  assets/gtceu/models/item/material_sets/lumium/rod_long.json
  assets/gtceu/models/item/material_sets/lumium/rotor.json
  assets/gtceu/models/item/material_sets/lumium/round.json
  assets/gtceu/models/item/material_sets/lumium/screw.json
  assets/gtceu/models/item/material_sets/lumium/spring.json
  assets/gtceu/models/item/material_sets/lumium/spring_small.json
  assets/gtceu/models/item/material_sets/lumium/wire_fine.json
  assets/gtceu/models/item/material_sets/marine/
  assets/gtceu/models/item/material_sets/marine/bolt.json
  assets/gtceu/models/item/material_sets/marine/dust.json
  assets/gtceu/models/item/material_sets/marine/dust_small.json
  assets/gtceu/models/item/material_sets/marine/dust_tiny.json
  assets/gtceu/models/item/material_sets/marine/foil.json
  assets/gtceu/models/item/material_sets/marine/gear.json
  assets/gtceu/models/item/material_sets/marine/gear_small.json
  assets/gtceu/models/item/material_sets/marine/ingot.json
  assets/gtceu/models/item/material_sets/marine/ingot_double.json
  assets/gtceu/models/item/material_sets/marine/ingot_hot.json
  assets/gtceu/models/item/material_sets/marine/nugget.json
  assets/gtceu/models/item/material_sets/marine/plate.json
  assets/gtceu/models/item/material_sets/marine/plate_dense.json
  assets/gtceu/models/item/material_sets/marine/plate_double.json
  assets/gtceu/models/item/material_sets/marine/ring.json
  assets/gtceu/models/item/material_sets/marine/rod.json
  assets/gtceu/models/item/material_sets/marine/rod_long.json
  assets/gtceu/models/item/material_sets/marine/rotor.json
  assets/gtceu/models/item/material_sets/marine/round.json
  assets/gtceu/models/item/material_sets/marine/screw.json
  assets/gtceu/models/item/material_sets/marine/spring.json
  assets/gtceu/models/item/material_sets/marine/spring_small.json
  assets/gtceu/models/item/material_sets/marine/wire_fine.json
  assets/gtceu/models/item/material_sets/metallic/
  assets/gtceu/models/item/material_sets/metallic/bee.json
  assets/gtceu/models/item/material_sets/metallic/comb.json
  assets/gtceu/models/item/material_sets/metallic/vial.json
  assets/gtceu/models/item/material_sets/noisy/
  assets/gtceu/models/item/material_sets/noisy/bolt.json
  assets/gtceu/models/item/material_sets/noisy/dust.json
  assets/gtceu/models/item/material_sets/noisy/dust_small.json
  assets/gtceu/models/item/material_sets/noisy/dust_tiny.json
  assets/gtceu/models/item/material_sets/noisy/foil.json
  assets/gtceu/models/item/material_sets/noisy/gear.json
  assets/gtceu/models/item/material_sets/noisy/gear_small.json
  assets/gtceu/models/item/material_sets/noisy/ingot.json
  assets/gtceu/models/item/material_sets/noisy/ingot_double.json
  assets/gtceu/models/item/material_sets/noisy/ingot_hot.json
  assets/gtceu/models/item/material_sets/noisy/nugget.json
  assets/gtceu/models/item/material_sets/noisy/plate.json
  assets/gtceu/models/item/material_sets/noisy/plate_dense.json
  assets/gtceu/models/item/material_sets/noisy/plate_double.json
  assets/gtceu/models/item/material_sets/noisy/ring.json
  assets/gtceu/models/item/material_sets/noisy/rod.json
  assets/gtceu/models/item/material_sets/noisy/rod_long.json
  assets/gtceu/models/item/material_sets/noisy/rotor.json
  assets/gtceu/models/item/material_sets/noisy/round.json
  assets/gtceu/models/item/material_sets/noisy/screw.json
  assets/gtceu/models/item/material_sets/noisy/spring.json
  assets/gtceu/models/item/material_sets/noisy/spring_small.json
  assets/gtceu/models/item/material_sets/noisy/wire_fine.json
  assets/gtceu/models/item/material_sets/signalum/
  assets/gtceu/models/item/material_sets/signalum/bolt.json
  assets/gtceu/models/item/material_sets/signalum/dust.json
  assets/gtceu/models/item/material_sets/signalum/dust_small.json
  assets/gtceu/models/item/material_sets/signalum/dust_tiny.json
  assets/gtceu/models/item/material_sets/signalum/foil.json
  assets/gtceu/models/item/material_sets/signalum/gear.json
  assets/gtceu/models/item/material_sets/signalum/gear_small.json
  assets/gtceu/models/item/material_sets/signalum/ingot.json
  assets/gtceu/models/item/material_sets/signalum/ingot_double.json
  assets/gtceu/models/item/material_sets/signalum/ingot_hot.json
  assets/gtceu/models/item/material_sets/signalum/nugget.json
  assets/gtceu/models/item/material_sets/signalum/plate.json
  assets/gtceu/models/item/material_sets/signalum/plate_dense.json
  assets/gtceu/models/item/material_sets/signalum/plate_double.json
  assets/gtceu/models/item/material_sets/signalum/ring.json
  assets/gtceu/models/item/material_sets/signalum/rod.json
  assets/gtceu/models/item/material_sets/signalum/rod_long.json
  assets/gtceu/models/item/material_sets/signalum/rotor.json
  assets/gtceu/models/item/material_sets/signalum/round.json
  assets/gtceu/models/item/material_sets/signalum/screw.json
  assets/gtceu/models/item/material_sets/signalum/spring.json
  assets/gtceu/models/item/material_sets/signalum/spring_small.json
  assets/gtceu/models/item/material_sets/signalum/wire_fine.json
  assets/gtceu/textures/
  assets/gtceu/textures/block/
  assets/gtceu/textures/block/casings/
  assets/gtceu/textures/block/casings/cleanroom/
  assets/gtceu/textures/block/casings/cleanroom/anti_higgs_filter_casing.png
  assets/gtceu/textures/block/casings/cleanroom/anti_higgs_filter_casing.png.mcmeta
  assets/gtceu/textures/block/casings/cleanroom/anti_higgs_filter_casing_ctm.png
  assets/gtceu/textures/block/machines/
  assets/gtceu/textures/block/machines/apiary/
  assets/gtceu/textures/block/machines/apiary/overlay_front.png
  assets/gtceu/textures/block/machines/apiary/overlay_front_active.png
  assets/gtceu/textures/block/machines/apiary/overlay_front_active.png.mcmeta
  assets/gtceu/textures/block/machines/apiary/overlay_side.png
  assets/gtceu/textures/block/machines/apiary/overlay_top.png
  assets/gtceu/textures/block/machines/beespin/
  assets/gtceu/textures/block/machines/beespin/overlay_front.png
  assets/gtceu/textures/block/machines/beespin/overlay_front_active.png
  assets/gtceu/textures/block/machines/beespin/overlay_front_active.png.mcmeta
  assets/gtceu/textures/block/machines/bio_reactor/
  assets/gtceu/textures/block/machines/bio_reactor/overlay_front.png
  assets/gtceu/textures/block/machines/bio_reactor/overlay_front_active.png
  assets/gtceu/textures/block/machines/bio_reactor/overlay_front_active.png.mcmeta
  assets/gtceu/textures/block/machines/bio_reactor/overlay_front_active_emissive.png
  assets/gtceu/textures/block/machines/bio_reactor/overlay_front_active_emissive.png.mcmeta
  assets/gtceu/textures/block/machines/froth_flotator/
  assets/gtceu/textures/block/machines/froth_flotator/overlay_front.png
  assets/gtceu/textures/block/machines/froth_flotator/overlay_front_active.png
  assets/gtceu/textures/block/machines/froth_flotator/overlay_front_active.png.mcmeta
  assets/gtceu/textures/block/machines/froth_flotator/overlay_top.png
  assets/gtceu/textures/block/machines/ion_exchanger/
  assets/gtceu/textures/block/machines/ion_exchanger/overlay_front.png
  assets/gtceu/textures/block/machines/ion_exchanger/overlay_front_active.png
  assets/gtceu/textures/block/machines/ion_exchanger/overlay_front_active.png.mcmeta
  assets/gtceu/textures/block/machines/ion_exchanger/overlay_top.png
  assets/gtceu/textures/block/machines/smol_nuclear_reactor/
  assets/gtceu/textures/block/machines/smol_nuclear_reactor/overlay_front.png
  assets/gtceu/textures/block/machines/smol_nuclear_reactor/overlay_front_active.png
  assets/gtceu/textures/block/machines/smol_nuclear_reactor/overlay_front_active.png.mcmeta
  data/
  data/diggycore/
  data/diggycore/loot_tables/
  data/diggycore/loot_tables/blocks/
  data/diggycore/loot_tables/blocks/anti_higgs_filter_casing.json
  data/diggycore/loot_tables/blocks/galaxyspace_grade_casing.json
  data/diggycore/loot_tables/blocks/greenhouse_casing.json
  data/diggycore/loot_tables/blocks/greenhouse_dirt.json
  data/gtceu/
  data/gtceu/tags/
  data/gtceu/tags/blocks/
  data/gtceu/tags/blocks/mineable/
  data/gtceu/tags/blocks/mineable/pickaxe_or_wrench.json
  data/minecraft/
  data/minecraft/tags/
  data/minecraft/tags/blocks/
  data/minecraft/tags/blocks/mineable/
  data/minecraft/tags/blocks/mineable/pickaxe.json
  data/minecraft/tags/blocks/mineable/shovel.json
  data/minecraft/tags/blocks/needs_stone_tool.json
  diggycore.mixins.json
  mixins.diggycore.refmap.json
  net/
  net/phoenix/
  net/phoenix/diggycore/
  net/phoenix/diggycore/DiggyCore.class
  net/phoenix/diggycore/DiggyGTAddon.class
  net/phoenix/diggycore/api/
  net/phoenix/diggycore/api/machine/
  net/phoenix/diggycore/api/machine/DiggyPartAbility.class
  net/phoenix/diggycore/common/
  net/phoenix/diggycore/common/block/
  net/phoenix/diggycore/common/block/AntiHiggsFilterType.class
  net/phoenix/diggycore/common/block/DiggyBlocks.class
  net/phoenix/diggycore/common/data/
  net/phoenix/diggycore/common/data/DiggyOres.class
  net/phoenix/diggycore/common/data/DiggyRecipeTypes.class
  net/phoenix/diggycore/common/data/materials/
  net/phoenix/diggycore/common/data/materials/BioChemMaterials.class
  net/phoenix/diggycore/common/data/materials/DiggyElements.class
  net/phoenix/diggycore/common/data/materials/DiggyMaterialFlags.class
  net/phoenix/diggycore/common/data/materials/DiggyMaterialSet.class
  net/phoenix/diggycore/common/data/materials/DiggyMetallurgicAndGems.class
  net/phoenix/diggycore/common/data/materials/DiggyNewElementsAndAddFlags.class
  net/phoenix/diggycore/common/data/materials/ElementMaterials.class
  net/phoenix/diggycore/common/data/recipe/
  net/phoenix/diggycore/common/data/recipe/DiggySpaceflightRecipes.class
  net/phoenix/diggycore/common/data/recipe/generated/
  net/phoenix/diggycore/common/data/recipe/generated/DiggyMaterialPartRecipeGen.class
  net/phoenix/diggycore/common/item/
  net/phoenix/diggycore/common/item/DiggyItems.class
  net/phoenix/diggycore/common/machine/
  net/phoenix/diggycore/common/machine/DiggyMachines.class
  net/phoenix/diggycore/common/machine/multiblock/
  net/phoenix/diggycore/common/machine/multiblock/AntiHiggsRoom.class
  net/phoenix/diggycore/common/machine/multiblock/electric/
  net/phoenix/diggycore/common/machine/multiblock/electric/Greenhouse.class
  net/phoenix/diggycore/common/machine/multiblock/part/
  net/phoenix/diggycore/common/machine/multiblock/part/AgronomyInputHatch.class
  net/phoenix/diggycore/common/machine/multiblock/steam/
  net/phoenix/diggycore/common/machine/multiblock/steam/SteamLunarBoiler.class
  net/phoenix/diggycore/common/registry/
  net/phoenix/diggycore/common/registry/DiggyRegistration.class
  net/phoenix/diggycore/data/
  net/phoenix/diggycore/data/recipe/
  net/phoenix/diggycore/data/recipe/DiggyBeeBreedingRecipes.class
  net/phoenix/diggycore/data/recipe/MachineMakeRecipes.class
  net/phoenix/diggycore/datagen/
  net/phoenix/diggycore/datagen/lang/
  net/phoenix/diggycore/datagen/lang/DiggyLangHandler.class
  net/phoenix/diggycore/datagen/models/
  net/phoenix/diggycore/datagen/models/DiggyMachineModels.class
  net/phoenix/diggycore/mixin/
  net/phoenix/diggycore/mixin/DummyMixin.class
  pack.mcmeta
